16
21
16
9
4
WARNING: Detected incorrect (nan) scl_ fields. Resetting to scl_slope=1.0 and scl_inter=0.0
 * Please note: warnings are printed only once, but underlying problem might occur many times *
<Dataset: 78x96871@float64, <sa: node,phase,run,time_coords,time_indices>, <fa: voxel_indices>, <a: imgaffine,imghdr,imgtype,mapper,voxel_dim,voxel_eldim>>
<SampleAttributesCollection: node,phase,run,time_coords,time_indices>
TRUE DIST: 

init sorted true [-1.10850431 -1.10850431 -0.98422596 -0.98422596 -0.93259861 -0.93259861
 -0.87359973 -0.87359973 -0.85811955 -0.85811955]



mean:  -0.02964854986602783

mask shape:  (39, 39, 5)

random_dsm shape:  (39, 39)

rand stat:  -0.02338277043213475
init sorted true [-1.10850431 -1.10850431 -0.98422596 -0.98422596 -0.93259861 -0.93259861
 -0.87359973 -0.87359973 -0.85811955 -0.85811955]



random sorted  [-1.10850431 -1.10850431 -0.98422596 -0.98422596 -0.93259861 -0.93259861
 -0.87359973 -0.87359973 -0.85811955 -0.85811955]

Permutation statistic:  -0.18911842627279238
<Dataset: 1x96871@float64, <fa: center_ids>, <a: mapper>>
searchlight complete
