[FirstLevelModel.fit] Loading data from 
'smoothed_func/sub-5169/sub-5169_ses-3_task-StudyGW_space-T1w_desc-preproc_bold_
sm6.nii.gz'
[FirstLevelModel.fit] Loading mask from 
'../RSA/transformed_masks/sub-5169/roi_t/b_gray_dilD_2mm.nii.gz'
[FirstLevelModel.fit] Resamping mask
[FirstLevelModel.fit] Finished fit
/share/crsp/lab/bornstea/share/R01-Analysis/GLM/glm_tasks_cluster.py:262: UserWarning: The following unexpected columns in events data will be ignored: block, trial, node_l, accuracy, node_r
  fit_glm = fmri_glm.fit(run_imgs=self.func_scans, events=concat_event_dfs,confounds=confound_dfs)
[FirstLevelModel.fit] Computing run 1 out of 1 runs (go take a coffee, a big 
one).
[FirstLevelModel.fit] Performing mask computation.
[FirstLevelModel.fit] Loading data from <nibabel.nifti1.Nifti1Image object at 
0x7fe72d4f3110>
[FirstLevelModel.fit] Extracting region signals
[FirstLevelModel.fit] Cleaning extracted signals
[FirstLevelModel.fit] Masking took 19 seconds.
[FirstLevelModel.fit] Performing GLM computation.
[FirstLevelModel.fit] GLM took 5 seconds.
[FirstLevelModel.fit] Computation of 1 runs done in 24 seconds.
[FirstLevelModel.compute_contrast] Computing image from signals
/share/crsp/lab/bornstea/share/R01-Analysis/GLM/glm_tasks_cluster.py:320: FutureWarning: From release 0.13.0 onwards, this function will, by default, copy the header of the input image to the output. Currently, the header is reset to the default Nifti1Header. To suppress this warning and use the new behavior, set `copy_header=True`.
  "bg_img": mean_img(self.func_scans),
results/GLM_Study/contrast_maps
All done!
