[FirstLevelModel.fit] Loading data from 
'smoothed_func/sub-5159/sub-5159_ses-3_task-StudyGW_space-MNI152NLin6Asym_res-2_
desc-preproc_bold_sm6.nii.gz'
[FirstLevelModel.fit] Loading mask from 
'MNI_masks/sub-5159/b_gray_dilD_2mm.nii.gz'
[FirstLevelModel.fit] Resamping mask
[FirstLevelModel.fit] Finished fit
/share/crsp/lab/bornstea/share/R01-Analysis/GLM/glm_tasks_cluster.py:261: UserWarning: The following unexpected columns in events data will be ignored: node_r, accuracy, block, trial, node_l
  fit_glm = fmri_glm.fit(run_imgs=self.func_scans, events=concat_event_dfs,confounds=confound_dfs)
[FirstLevelModel.fit] Computing run 1 out of 1 runs (go take a coffee, a big 
one).
[FirstLevelModel.fit] Performing mask computation.
/data/homezvol3/rapalsul/.local/lib/python3.11/site-packages/joblib/memory.py:312: UserWarning: imgs are being resampled to the mask_img resolution. This process is memory intensive. You might want to provide a target_affine that is equal to the affine of the imgs or resample the mask beforehand to save memory and computation time.
  return self.func(*args, **kwargs)
[FirstLevelModel.fit] Loading data from <nibabel.nifti1.Nifti1Image object at 
0x7f1264265e90>
[FirstLevelModel.fit] Resampling images
[FirstLevelModel.fit] Extracting region signals
[FirstLevelModel.fit] Cleaning extracted signals
[FirstLevelModel.fit] Masking took 124 seconds.
[FirstLevelModel.fit] Performing GLM computation.
[FirstLevelModel.fit] GLM took 8 seconds.
[FirstLevelModel.fit] Computation of 1 runs done in 132 seconds.
[FirstLevelModel.compute_contrast] Computing image from signals
/share/crsp/lab/bornstea/share/R01-Analysis/GLM/glm_tasks_cluster.py:319: FutureWarning: From release 0.13.0 onwards, this function will, by default, copy the header of the input image to the output. Currently, the header is reset to the default Nifti1Header. To suppress this warning and use the new behavior, set `copy_header=True`.
  "bg_img": mean_img(self.func_scans),
results/GLM_Study/contrast_maps
All done!
