Traceback (most recent call last):
  File "/share/crsp/lab/bornstea/share/R01-Analysis/GLM/glm_tasks_cluster.py", line 338, in <module>
    fit_glm = glm.fit_glm()
              ^^^^^^^^^^^^^
  File "/share/crsp/lab/bornstea/share/R01-Analysis/GLM/glm_tasks_cluster.py", line 259, in fit_glm
    concat_event_dfs = self.make_events_df()
                       ^^^^^^^^^^^^^^^^^^^^^
  File "/share/crsp/lab/bornstea/share/R01-Analysis/GLM/glm_tasks_cluster.py", line 230, in make_events_df
    df = pd.read_csv(f"study_data/study.{self.SUB_ID}.result-2-Study.csv",on_bad_lines="skip")
         ^^^^^^^^^^^^^^^^^^^^^^^^^^^^^^^^^^^^^^^^^^^^^^^^^^^^^^^^^^^^^^^^^^^^^^^^^^^^^^^^^^^^^
  File "/data/homezvol3/rapalsul/.local/lib/python3.11/site-packages/pandas/io/parsers/readers.py", line 1026, in read_csv
    return _read(filepath_or_buffer, kwds)
           ^^^^^^^^^^^^^^^^^^^^^^^^^^^^^^^
  File "/data/homezvol3/rapalsul/.local/lib/python3.11/site-packages/pandas/io/parsers/readers.py", line 620, in _read
    parser = TextFileReader(filepath_or_buffer, **kwds)
             ^^^^^^^^^^^^^^^^^^^^^^^^^^^^^^^^^^^^^^^^^^
  File "/data/homezvol3/rapalsul/.local/lib/python3.11/site-packages/pandas/io/parsers/readers.py", line 1620, in __init__
    self._engine = self._make_engine(f, self.engine)
                   ^^^^^^^^^^^^^^^^^^^^^^^^^^^^^^^^^
  File "/data/homezvol3/rapalsul/.local/lib/python3.11/site-packages/pandas/io/parsers/readers.py", line 1880, in _make_engine
    self.handles = get_handle(
                   ^^^^^^^^^^^
  File "/data/homezvol3/rapalsul/.local/lib/python3.11/site-packages/pandas/io/common.py", line 873, in get_handle
    handle = open(
             ^^^^^
FileNotFoundError: [Errno 2] No such file or directory: 'study_data/study.5153.result-2-Study.csv'
All done!
